DO
CREATE SCHEMA
CREATE TABLE
CREATE FUNCTION
CREATE TABLE
CREATE TABLE
CREATE TABLE
CREATE TABLE
CREATE TABLE
GRANT
GRANT
GRANT
ALTER TABLE
CREATE POLICY
INSERT 0 2
INSERT 0 6
INSERT 0 3
INSERT 0 1
INSERT 0 2
INSERT 0 2
BEGIN
SET
SET
DO
COMMIT
BEGIN
SET
SET
CREATE TABLE
CREATE TABLE
CREATE INDEX
CREATE TABLE
CREATE INDEX
CREATE TABLE
ALTER TABLE
ALTER TABLE
ALTER TABLE
ALTER TABLE
REVOKE
GRANT
CREATE FUNCTION
REVOKE
psql:supabase/migrations/add_catalog_v2.sql:60: NOTICE:  trigger "catalog_v2_user_deleted" for relation "auth.users" does not exist, skipping
DROP TRIGGER
CREATE TRIGGER
CREATE FUNCTION
REVOKE
psql:supabase/migrations/add_catalog_v2.sql:80: NOTICE:  trigger "catalog_v2_book_version" for relation "public.books" does not exist, skipping
DROP TRIGGER
CREATE TRIGGER
INSERT 0 6
CREATE FUNCTION
REVOKE
psql:supabase/migrations/add_catalog_v2.sql:110: NOTICE:  trigger "catalog_v2_legacy_progress" for relation "public.reading_progress" does not exist, skipping
DROP TRIGGER
CREATE TRIGGER
INSERT 0 1
INSERT 0 1
CREATE FUNCTION
REVOKE
GRANT
CREATE FUNCTION
REVOKE
GRANT
CREATE FUNCTION
REVOKE
GRANT
CREATE FUNCTION
REVOKE
GRANT
CREATE FUNCTION
REVOKE
GRANT
NOTIFY
COMMIT
BEGIN
SET
SET
psql:supabase/migrations/add_catalog_v2.sql:19: NOTICE:  relation "catalog_v2_actors" already exists, skipping
CREATE TABLE
psql:supabase/migrations/add_catalog_v2.sql:26: NOTICE:  relation "catalog_v2_recency" already exists, skipping
CREATE TABLE
psql:supabase/migrations/add_catalog_v2.sql:27: NOTICE:  relation "catalog_v2_recency_order" already exists, skipping
CREATE INDEX
psql:supabase/migrations/add_catalog_v2.sql:37: NOTICE:  relation "catalog_v2_events" already exists, skipping
CREATE TABLE
psql:supabase/migrations/add_catalog_v2.sql:38: NOTICE:  relation "catalog_v2_events_received_at" already exists, skipping
CREATE INDEX
psql:supabase/migrations/add_catalog_v2.sql:43: NOTICE:  relation "catalog_v2_book_versions" already exists, skipping
CREATE TABLE
ALTER TABLE
ALTER TABLE
ALTER TABLE
ALTER TABLE
REVOKE
GRANT
CREATE FUNCTION
REVOKE
DROP TRIGGER
CREATE TRIGGER
CREATE FUNCTION
REVOKE
DROP TRIGGER
CREATE TRIGGER
INSERT 0 0
CREATE FUNCTION
REVOKE
DROP TRIGGER
CREATE TRIGGER
INSERT 0 0
INSERT 0 0
CREATE FUNCTION
REVOKE
GRANT
CREATE FUNCTION
REVOKE
GRANT
CREATE FUNCTION
REVOKE
GRANT
CREATE FUNCTION
REVOKE
GRANT
CREATE FUNCTION
REVOKE
GRANT
NOTIFY
COMMIT
CREATE FUNCTION
 assert
--------

(1 row)

 assert
--------

(1 row)

 assert
--------

(1 row)

 assert
--------

(1 row)

 assert
--------

(1 row)

DO
DO
DO
              set_config
--------------------------------------
 11111111-1111-1111-1111-111111111111
(1 row)

SET
UPDATE 1
RESET
 assert
--------

(1 row)

 assert
--------

(1 row)

DO
INSERT 0 1100
 assert
--------

(1 row)

                                  catalog_v2_record_activity
-----------------------------------------------------------------------------------------------
 {"activity_version": "3", "acknowledged_event_ids": ["eeeeeeee-eeee-eeee-eeee-eeeeeeeeeeee"]}
(1 row)

 assert
--------

(1 row)

 decoded_sql_json_bytes_1103_items
-----------------------------------
                            424165
(1 row)

                     QUERY PLAN
----------------------------------------------------
 Result (actual time=14.221..14.221 rows=1 loops=1)
   Buffers: shared hit=51
 Planning Time: 0.011 ms
 Execution Time: 14.232 ms
(4 rows)

             result
--------------------------------
 catalog v2 SQL fixtures passed
(1 row)

INSERT 0 1
                                  catalog_v2_record_activity
-----------------------------------------------------------------------------------------------
 {"activity_version": "1", "acknowledged_event_ids": ["ffffffff-ffff-ffff-ffff-ffffffffffff"]}
(1 row)

DELETE 1
 assert
--------

(1 row)

 assert
--------

(1 row)

 assert
--------

(1 row)

 assert
--------

(1 row)

UPDATE 3
 assert
--------

(1 row)

 assert
--------

(1 row)

 assert
--------

(1 row)

               result
------------------------------------
 all catalog v2 SQL fixtures passed
(1 row)
