BEGIN
SET
SET
psql:supabase/migrations/add_catalog_v2.sql:19: NOTICE:  relation "catalog_v2_actors" already exists, skipping
CREATE TABLE
psql:supabase/migrations/add_catalog_v2.sql:26: NOTICE:  relation "catalog_v2_recency" already exists, skipping
CREATE TABLE
psql:supabase/migrations/add_catalog_v2.sql:27: NOTICE:  relation "catalog_v2_recency_order" already exists, skipping
CREATE INDEX
psql:supabase/migrations/add_catalog_v2.sql:37: NOTICE:  relation "catalog_v2_events" already exists, skipping
CREATE TABLE
psql:supabase/migrations/add_catalog_v2.sql:38: NOTICE:  relation "catalog_v2_events_received_at" already exists, skipping
CREATE INDEX
psql:supabase/migrations/add_catalog_v2.sql:43: NOTICE:  relation "catalog_v2_book_versions" already exists, skipping
CREATE TABLE
ALTER TABLE
ALTER TABLE
ALTER TABLE
ALTER TABLE
REVOKE
GRANT
CREATE FUNCTION
REVOKE
DROP TRIGGER
CREATE TRIGGER
CREATE FUNCTION
REVOKE
DROP TRIGGER
CREATE TRIGGER
INSERT 0 0
CREATE FUNCTION
REVOKE
DROP TRIGGER
CREATE TRIGGER
INSERT 0 0
INSERT 0 0
CREATE FUNCTION
REVOKE
GRANT
CREATE FUNCTION
REVOKE
GRANT
CREATE FUNCTION
REVOKE
GRANT
CREATE FUNCTION
REVOKE
GRANT
CREATE FUNCTION
REVOKE
GRANT
NOTIFY
COMMIT
