
> globoox_preview@0.1.0 build
> next build --webpack

⚠ Warning: Next.js inferred your workspace root, but it may not be correct.
 We detected multiple lockfiles and selected the directory of /Users/user/Documents/github/globoox_frontend/package-lock.json as the root directory.
 To silence this warning, set `outputFileTracingRoot` in your Next.js config, or consider removing one of the lockfiles if it's not needed.
   See https://nextjs.org/docs/app/api-reference/config/next-config-js/output#caveats for more information.
 Detected additional lockfiles:
   * /Users/user/Documents/github/globoox_frontend/.local/catalog-qa-app/package-lock.json

▲ Next.js 16.1.1 (webpack)
- Environments: .env.local
- Experiments (use with caution):
  · proxyClientMaxBodySize: 1073741824
  · serverActions

  Creating an optimized production build ...
⚠ Compiled with warnings in 5.0s

../../node_modules/@prisma/instrumentation/node_modules/@opentelemetry/instrumentation/build/esm/platform/node/instrumentation.js
Critical dependency: the request of a dependency is an expression

Import trace for requested module:
../../node_modules/@prisma/instrumentation/node_modules/@opentelemetry/instrumentation/build/esm/platform/node/instrumentation.js
../../node_modules/@prisma/instrumentation/node_modules/@opentelemetry/instrumentation/build/esm/platform/node/index.js
../../node_modules/@prisma/instrumentation/node_modules/@opentelemetry/instrumentation/build/esm/platform/index.js
../../node_modules/@prisma/instrumentation/node_modules/@opentelemetry/instrumentation/build/esm/index.js
../../node_modules/@prisma/instrumentation/dist/index.js
../../node_modules/@sentry/node/build/cjs/integrations/tracing/prisma.js
../../node_modules/@sentry/node/build/cjs/index.js
../../node_modules/@sentry/nextjs/build/cjs/index.server.js
./src/app/global-error.tsx

../../node_modules/@prisma/instrumentation/node_modules/@opentelemetry/instrumentation/build/esm/platform/node/instrumentation.js
Critical dependency: the request of a dependency is an expression

Import trace for requested module:
../../node_modules/@prisma/instrumentation/node_modules/@opentelemetry/instrumentation/build/esm/platform/node/instrumentation.js
../../node_modules/@prisma/instrumentation/node_modules/@opentelemetry/instrumentation/build/esm/platform/node/index.js
../../node_modules/@prisma/instrumentation/node_modules/@opentelemetry/instrumentation/build/esm/platform/index.js
../../node_modules/@prisma/instrumentation/node_modules/@opentelemetry/instrumentation/build/esm/index.js
../../node_modules/@prisma/instrumentation/dist/index.js
../../node_modules/@sentry/node/build/cjs/integrations/tracing/prisma.js
../../node_modules/@sentry/node/build/cjs/index.js
../../node_modules/@sentry/nextjs/build/cjs/index.server.js

../../node_modules/@prisma/instrumentation/node_modules/@opentelemetry/instrumentation/build/esm/platform/node/instrumentation.js
Critical dependency: the request of a dependency is an expression

Import trace for requested module:
../../node_modules/@prisma/instrumentation/node_modules/@opentelemetry/instrumentation/build/esm/platform/node/instrumentation.js
../../node_modules/@prisma/instrumentation/node_modules/@opentelemetry/instrumentation/build/esm/platform/node/index.js
../../node_modules/@prisma/instrumentation/node_modules/@opentelemetry/instrumentation/build/esm/platform/index.js
../../node_modules/@prisma/instrumentation/node_modules/@opentelemetry/instrumentation/build/esm/index.js
../../node_modules/@prisma/instrumentation/dist/index.js
../../node_modules/@sentry/node/build/cjs/integrations/tracing/prisma.js
../../node_modules/@sentry/node/build/cjs/index.js
../../node_modules/@sentry/nextjs/build/cjs/index.server.js
./src/app/(app)/api/sentry-example-api/route.ts

✓ Compiled successfully in 6.7s
  Running TypeScript ...
  Collecting page data using 9 workers ...
  Generating static pages using 9 workers (0/53) ...
  Generating static pages using 9 workers (13/53)
  Generating static pages using 9 workers (26/53)
  Generating static pages using 9 workers (39/53)
✓ Generating static pages using 9 workers (53/53) in 313.8ms
  Finalizing page optimization ...
  Collecting build traces ...

Route (app)
┌ ƒ /
├ ○ /_not-found
├ ƒ /[locale]
├ ● /[locale]/landing
│ ├ /en/landing
│ ├ /es/landing
│ ├ /fr/landing
│ └ /ru/landing
├ ○ /admin
├ ○ /admin/cost-lab
├ ○ /admin/fiction
├ ○ /admin/playground
├ ƒ /api/admin/cost-runs
├ ƒ /api/admin/cost-runs/status/[jobId]
├ ƒ /api/admin/models
├ ƒ /api/admin/translation-playground
├ ƒ /api/admin/translation-prompt
├ ƒ /api/alpha/join
├ ƒ /api/billing/checkout
├ ƒ /api/billing/portal
├ ƒ /api/books
├ ƒ /api/books/[id]
├ ƒ /api/books/[id]/chapters
├ ƒ /api/books/[id]/chapters/translate-titles
├ ƒ /api/books/[id]/download-translated
├ ƒ /api/books/[id]/fiction-costs
├ ƒ /api/books/[id]/generate-glossary
├ ƒ /api/books/[id]/language
├ ƒ /api/books/[id]/reader-metadata/translate
├ ƒ /api/books/[id]/reading-position
├ ƒ /api/books/[id]/revise-full-book
├ ƒ /api/books/[id]/revision-diff
├ ƒ /api/books/[id]/translate-full-book
├ ƒ /api/books/[id]/translate-meta
├ ƒ /api/books/[id]/translation-estimate
├ ƒ /api/books/fiction-translations
├ ƒ /api/books/process
├ ƒ /api/books/upload
├ ƒ /api/chapters
├ ƒ /api/chapters/[id]/asset
├ ƒ /api/chapters/[id]/blocks/text
├ ƒ /api/chapters/[id]/content
├ ƒ /api/chapters/[id]/translate
├ ƒ /api/chapters/[id]/translate-status
├ ƒ /api/jobs/[id]
├ ƒ /api/sentry-example-api
├ ƒ /api/storage/signed-url
├ ƒ /api/subscription
├ ƒ /api/sync/status
├ ƒ /api/translation-limit
├ ƒ /api/v2/books/[id]/cover
├ ƒ /api/v2/library
├ ƒ /api/v2/reading-activity
├ ƒ /api/waitlist
├ ○ /auth
├ ƒ /auth/callback
├ ○ /auth/forgot-password
├ ○ /auth/register
├ ○ /dev/components-preview
├ ○ /dev/unlimited-access-preview
├ ƒ /join-alpha
├ ƒ /landing
├ ○ /landing-editorial
├ ● /landing-editorial/[locale]
│ ├ /landing-editorial/en
│ ├ /landing-editorial/es
│ ├ /landing-editorial/fr
│ └ /landing-editorial/ru
├ ○ /landing-editorial/legal/privacy
├ ○ /landing-editorial/legal/terms
├ ○ /landing/pricing-preview
├ ○ /my-books
├ ○ /pricing
├ ƒ /reader/[id]
├ ○ /robots.txt
├ ƒ /s/[token]
├ ○ /sentry-example-page
├ ○ /settings
├ ○ /sitemap.xml
├ ○ /store
└ ƒ /store/[id]


ƒ Proxy (Middleware)

○  (Static)   prerendered as static content
●  (SSG)      prerendered as static HTML (uses generateStaticParams)
ƒ  (Dynamic)  server-rendered on demand
