
> globoox_preview@0.1.0 test
> vitest run

[33mThe CJS build of Vite's Node API is deprecated. See https://vite.dev/guide/troubleshooting.html#vite-cjs-node-api-deprecated for more details.[39m

 RUN  v2.1.9 /Users/user/Documents/github/globoox_frontend/.local/reader-recovery-20261001

 ✓ src/__tests__/libraryReadingState.test.ts (11 tests) 5ms
 ✓ src/__tests__/notifications.test.ts (15 tests) 6ms
 ✓ src/__tests__/catalogCache.test.ts (13 tests) 26ms
 ✓ src/__tests__/bookJobPolling.test.ts (23 tests) 28ms
 ✓ src/__tests__/readingActivity.test.ts (24 tests) 31ms
 ✓ src/__tests__/catalogState.test.ts (26 tests) 36ms
 ✓ src/__tests__/catalogCooldown.test.ts (28 tests) 29ms
 ✓ src/__tests__/paginatorUtils.test.ts (18 tests) 5ms
 ✓ src/__tests__/shareNavigation.test.ts (9 tests) 6ms
 ✓ src/__tests__/readingAnchorRace.test.ts (8 tests) 3ms
 ✓ src/__tests__/bookshelfUploads.test.ts (8 tests) 4ms
 ✓ src/__tests__/catalogCoverQueue.test.ts (6 tests) 21ms
 ✓ src/__tests__/catalogApi.test.ts (9 tests) 8ms
stderr | src/__tests__/bookshelfSession.test.ts > public bookshelf session renewal with the real Supabase SDK > clears an expired session when refresh is rejected, without retaining a private identity
AuthApiError: Refresh token revoked
    at handleError (/Users/user/Documents/github/globoox_frontend/node_modules/@supabase/auth-js/src/lib/fetch.ts:102:9)
    at processTicksAndRejections (node:internal/process/task_queues:103:5)
    at _handleRequest (/Users/user/Documents/github/globoox_frontend/node_modules/@supabase/auth-js/src/lib/fetch.ts:195:5)
    at _request (/Users/user/Documents/github/globoox_frontend/node_modules/@supabase/auth-js/src/lib/fetch.ts:157:16)
    at /Users/user/Documents/github/globoox_frontend/node_modules/@supabase/auth-js/src/GoTrueClient.ts:2497:18
    at /Users/user/Documents/github/globoox_frontend/node_modules/@supabase/auth-js/src/lib/helpers.ts:232:26 {
  __isAuthError: true,
  status: 400,
  code: undefined
}
AuthApiError: Refresh token revoked
    at handleError (/Users/user/Documents/github/globoox_frontend/node_modules/@supabase/auth-js/src/lib/fetch.ts:102:9)
    at processTicksAndRejections (node:internal/process/task_queues:103:5)
    at _handleRequest (/Users/user/Documents/github/globoox_frontend/node_modules/@supabase/auth-js/src/lib/fetch.ts:195:5)
    at _request (/Users/user/Documents/github/globoox_frontend/node_modules/@supabase/auth-js/src/lib/fetch.ts:157:16)
    at /Users/user/Documents/github/globoox_frontend/node_modules/@supabase/auth-js/src/GoTrueClient.ts:2497:18
    at /Users/user/Documents/github/globoox_frontend/node_modules/@supabase/auth-js/src/lib/helpers.ts:232:26 {
  __isAuthError: true,
  status: 400,
  code: undefined
}

 ✓ src/__tests__/bookshelfSession.test.ts (10 tests) 67ms
 ✓ src/__tests__/editorialServerRouting.test.ts (23 tests) 13ms
 ✓ src/__tests__/libraryPositionScope.test.ts (9 tests) 462ms
 ✓ src/__tests__/authNavigation.test.ts (24 tests) 26ms
 ✓ src/__tests__/useBooksState.test.ts (7 tests) 4ms
 ✓ src/__tests__/subscription.test.ts (10 tests) 16ms
 ✓ src/__tests__/activeEditorialSection.test.ts (10 tests) 6ms
 ✓ src/__tests__/catalogProxy.test.ts (5 tests) 19ms
 ✓ src/__tests__/sectionNavigationMotion.test.ts (6 tests) 6ms
 ✓ src/__tests__/libraryReadingStore.test.ts (4 tests) 26ms
 ✓ src/__tests__/readingPositionProxy.test.ts (5 tests) 8ms
 ✓ src/__tests__/landingConsentPath.test.ts (34 tests) 4ms
 ✓ src/__tests__/inlineMarks.test.ts (11 tests) 9ms
 ✓ src/__tests__/mergeDisplayBlocks.test.ts (2 tests) 4ms
 ✓ src/__tests__/editorialLocale.test.ts (12 tests) 45ms
 ✓ src/__tests__/editorialHeroCopy.test.ts (5 tests) 2ms
 ✓ src/__tests__/editorialLegalCopy.test.ts (2 tests) 2ms
 ✓ src/__tests__/shareLinks.test.ts (2 tests) 11ms

 Test Files  31 passed (31)
      Tests  379 passed (379)
   Start at  23:22:21
   Duration  1.33s (transform 1.31s, setup 0ms, collect 2.95s, tests 940ms, environment 4ms, prepare 1.74s)
